/Users/paul/Yandex.Disk.localized/Development/Jobs/Bauman/projects/bm_lesson_canopen/thirdparty/rtimer/rtimer.c:24:6:rtimer_create	24	static
/Users/paul/Yandex.Disk.localized/Development/Jobs/Bauman/projects/bm_lesson_canopen/thirdparty/rtimer/rtimer.c:52:6:rtimer_setup	24	static
/Users/paul/Yandex.Disk.localized/Development/Jobs/Bauman/projects/bm_lesson_canopen/thirdparty/rtimer/rtimer.c:66:6:rtimer_delete	16	static
/Users/paul/Yandex.Disk.localized/Development/Jobs/Bauman/projects/bm_lesson_canopen/thirdparty/rtimer/rtimer.c:77:6:hardware_timer_init	32	static
/Users/paul/Yandex.Disk.localized/Development/Jobs/Bauman/projects/bm_lesson_canopen/thirdparty/rtimer/rtimer.c:118:6:hardware_timer_deinit	8	static
/Users/paul/Yandex.Disk.localized/Development/Jobs/Bauman/projects/bm_lesson_canopen/thirdparty/rtimer/rtimer.c:131:6:hardware_timer_cb	24	static
/Users/paul/Yandex.Disk.localized/Development/Jobs/Bauman/projects/bm_lesson_canopen/thirdparty/rtimer/rtimer.c:154:10:rtimer_get_elapsed_time	16	static
/Users/paul/Yandex.Disk.localized/Development/Jobs/Bauman/projects/bm_lesson_canopen/thirdparty/rtimer/rtimer.c:159:13:timer_msp_init_cb	24	static
/Users/paul/Yandex.Disk.localized/Development/Jobs/Bauman/projects/bm_lesson_canopen/thirdparty/rtimer/rtimer.c:169:13:timer_msp_deinit_cb	16	static
/Users/paul/Yandex.Disk.localized/Development/Jobs/Bauman/projects/bm_lesson_canopen/thirdparty/rtimer/rtimer.c:178:6:TIM4_IRQHandler	8	static
